MSys/Mingw is no longer supported. Please follow the getting started guide of the documentation in order to set up a suitiable environment, or continue at your own risk.
DONE 
